Godot Engine v4.4.stable.official.4c311cbee - https://godotengine.org
WARNING: Could not set V-Sync mode, as changing V-Sync mode is not supported by the graphics driver.
     at: set_use_vsync (platform/linuxbsd/x11/gl_manager_x11.cpp:360)
OpenGL API 4.5 (Core Profile) Mesa 25.2.8-0ubuntu0.24.04.1 - Compatibility - Using Device: Mesa - llvmpipe (LLVM 20.1.2, 256 bits)
libpulse.so.0: cannot open shared object file: No such file or directory
libpulse.so.0: cannot open shared object file: No such file or directory
ALSA lib confmisc.c:855:(parse_card) cannot find card '0'
ALSA lib conf.c:5204:(_snd_config_evaluate) function snd_func_card_inum returned error: No such file or directory
ALSA lib confmisc.c:422:(snd_func_concat) error evaluating strings
ALSA lib conf.c:5204:(_snd_config_evaluate) function snd_func_concat returned error: No such file or directory
ALSA lib confmisc.c:1342:(snd_func_refer) error evaluating name
ALSA lib conf.c:5204:(_snd_config_evaluate) function snd_func_refer returned error: No such file or directory
ALSA lib conf.c:5727:(snd_config_expand) Evaluate error: No such file or directory
ALSA lib pcm.c:2721:(snd_pcm_open_noupdate) Unknown PCM default
ERROR: Condition "status < 0" is true. Returning: ERR_CANT_OPEN
   at: init_output_device (drivers/alsa/audio_driver_alsa.cpp:90)
WARNING: All audio drivers failed, falling back to the dummy driver.
     at: initialize (servers/audio_server.cpp:246)

PASS  protocol_v9  START_WORLD reply protocol_version=9, SimBridge speaks v9 (TALK / GET_DIALOGUE)
PASS  world_started_with_dialogue  the scene's own START_WORLD (bundle houston, start_hour 5.0, player_citizen_id 82) left the world at hour 5.00183657333333 with dialogue_enabled=true cognition=true work=true mobility=true. NOTE: `player_citizen` is not in this summary because SimBridge.last_summary has already been replaced by the scene's first ADVANCE_TIME reply, whose summary block does not carry it; that the authority speaks as citizen 82 is checked below on the first TALK reply (talk_speaks_as_the_player_citizen).
PASS  dialogue_snapshot_shape  GET_DIALOGUE v1.0: 9 keys, missing []; 0.0 conversations, 0 active, event_seq=0.0, counts={  }
PASS  npc_request_accepted  at 07:37 citizen 79 asked citizen 70 for help and was accepted (request req:1, task help_clean, object so:8470:28, building 8470, score 0.415, components { "helpfulness": 0.378, "familiarity": 0.075, "affinity": 0.052, "obligation": 0.0, "trust": 0.06, "fear_hostility": 0.0, "cost": -0.15 }). The authority's sequenced acts: ["79.0->70.0 REPORT_PROBLEM: I have a problem here.", "79.0->70.0 ASK_FOR_HELP: Could you help me with the cleaning?", "70.0->79.0 ACCEPT: All right, I\'ll do it.", "79.0->70.0 THANK: Thank you."]
PASS  helper_body_reached_the_accepted_object  request req:1 (task help_clean, object so:8470:28, building 8470): when the gate reached the staged interior the helper's (citizen 70) CitizenBody was 0.90 m from the authoritative object position (-1440.8, -367.7); it then closed 0.00 m to 0.90 m, walking 0.0 m; GET_WORK session object so:8470:28 / help_for -1.0; REQUEST_COMPLETED=true || request req:7 (task help_clean, object so:4874:672, building 4874): when the gate reached the staged interior the helper's (citizen 116) CitizenBody was 15.19 m from the authoritative object position (-1841.6, -2029.6); it then closed 14.29 m to 0.90 m, walking 14.6 m; GET_WORK session object so:4874:672 / help_for -1.0; REQUEST_COMPLETED=true
PASS  npc_request_refused_with_a_reason  2 refusals so far; the first: citizen 187.0 refused citizen 119.0 with the authority's structured reason "low_trust" (score 0.245 vs threshold 0.4, components { "helpfulness": 0.208, "familiarity": 0.075, "affinity": 0.052, "obligation": 0.0, "trust": 0.06, "fear_hostility": 0.0, "cost": -0.15 }, request req:3). The refusal LINE is the authority's: No — I don't know you well enough.
PASS  player_citizen_is_inside_a_shop  at 10:36 the authority reports the player's citizen 82 as a customer inside building 15873 (task browse, room 2.0); the customer census over all buildings right now is { "15873": 4, "9004": 1, "12051": 1, "4152": 1, "18816": 3, "8823": 1, "18871": 2, "3482": 2, "9186": 1, "12631": 1 }, and 4 of those customer sessions are in this one — the gate did not choose the building, the citizen's own itinerary did
PASS  panel_opens_on_a_co_present_npc  the gate drove the REAL UI path (IsometricWorld.talk_to_citizen(), the same call the T key makes on a resolved citizen target): TALK GREET to citizen 277 while the authority puts the player's citizen 82 in { "building_id": 15873.0, "room_id": 2.0, "zone": "stock_room", "x": -2186.02, "y": 1212.36, "inside": true, "band": <null> } -> ok=true, conv_id=conv:21, panel open=true showing 0 authority line(s), warmth 0.0, relationship <null>
PASS  talk_speaks_as_the_player_citizen  the authority's TALK reply reports player_citizen=82.0 — the session speaks as the citizen the scene passed to START_WORLD (82), which is the citizen whose position decides co-presence (the Godot avatar's own walking never moves it)
PASS  panel_shows_exactly_the_authority_lines  after option 1 (ASK_FACT, building 15873) the panel displays ["What happened at building 15873?", "I don\'t know."] and the authority's TALK reply carried ["What happened at building 15873?", "I don\'t know."] — identical=true. The panel adds only the speaker prefix and the epistemic tag it copies out of the act's own proposition.
PASS  answer_unknown_is_grounded_and_rendered  before anything has happened in shop 15873, citizen 277 answers the player's "What happened?" with "I don't know." (kind UNKNOWN, epistemic UNKNOWN) and the authority logs 1 ANSWER_UNKNOWN row(s) for the pair — the same grounded no-knowledge path the post-attack uninformed check looks for
PASS  saveload_keeps_dialogue_and_the_open_conversation  SAVE+LOAD around the open conversation conv:21: counts { "ANSWERED": 1.0, "ANSWER_UNKNOWN": 1.0, "CONVERSATION_ENDED": 10.0, "CONVERSATION_STARTED": 11.0, "QUESTION_ASKED": 11.0, "REQUEST_ACCEPTED": 4.0, "REQUEST_COMPLETED": 4.0, "REQUEST_MADE": 10.0, "REQUEST_REFUSED": 6.0, "SPEECH_ACT": 48.0, "THANKED": 8.0 } -> { "ANSWERED": 1.0, "ANSWER_UNKNOWN": 1.0, "CONVERSATION_ENDED": 10.0, "CONVERSATION_STARTED": 11.0, "QUESTION_ASKED": 11.0, "REQUEST_ACCEPTED": 4.0, "REQUEST_COMPLETED": 4.0, "REQUEST_MADE": 10.0, "REQUEST_REFUSED": 6.0, "SPEECH_ACT": 48.0, "THANKED": 8.0 }, event_seq 114.0 -> 114.0, active conversations ["conv:21"] -> ["conv:21"]; the next option (ASK_SAFETY) continued in conv_id conv:21 (same=true) and the NPC answered ["Is building 15873 safe?", "I don\'t know."]
INFO  saveload_load_reply_player_citizen  AUTHORITY OBSERVATION: the LOAD reply does not echo player_citizen (<null>) although the session keeps it — the very next TALK reply reports player_citizen=82.0 and the conversation continued
INFO  player_request_for_help  the player's ASK_FOR_HELP (kind cover_station, object so:15873:197) to citizen 277: ok=true, the authority's acts ["Could you cover my register? (so:15873:197)", "No — I can\'t right now."] — the player's citizen is a CUSTOMER here, so a refusal with a structured reason is the honest outcome, not a bug
PASS  end_conversation_closes_it  option 6 (END_CONVERSATION) -> state ended, the authority's closing lines ["Goodbye.", "Goodbye."]
PASS  threat_seeded_on_a_shop_customer  at 10:36 the authority reports customer sessions [8, 82, 169, 222, 277] inside shop 15873; SEED_OUTBREAK(classic_zombie_fast, 8) accepted=true
PASS  undead_attacks_inside_the_shop  at 10:48 the risen citizen 8 attacked inside shop 15873: the first PERCEIVED attacked_by is citizen 40.0 in room 1.0
PASS  witness_answers_first_hand  citizen 19, co-present with the player's citizen 82, answered "What happened?" with I saw citizen 8 attacked citizen 40 in room 1 of building 15873, just now. [DIRECT_OBSERVATION] — proposition kind ATTACK_HAPPENED, subject 8.0, building 15873.0, room 1.0, confidence 1.0, event_ref 19:17, hops 0.0. The line is the authority's.
PASS  panel_line_equals_the_authority_line  the witness's answer line is in the panel's authority rows (true) and in what the panel DISPLAYS (true) — byte-identical, no rewriting. Panel rows: ["What happened at building 15873?", "I saw citizen 8 attacked citizen 40 in room 1 of building 15873, just now."]
PASS  ask_location_is_grounded_in_the_same_event  option 2 (ASK_LOCATION, with NO event_ref sent — the authority resolves it from what this NPC last asserted to this player): I saw that was in room 1 of building 15873. [DIRECT_OBSERVATION], kind EVENT_LOCATION, building 15873.0, room 1.0, event_ref 19:17
INFO  witness_conversation_closed  END_CONVERSATION with the witness -> state ended, the authority's lines ["Goodbye.", "Goodbye."]
INFO  uninformed_npc_answers_unknown  NOT REACHED: no co-present citizen answered ASK_FACT about shop 15873 with UNKNOWN in the 360 game minutes after the attack. Everyone the authority ever put next to the player's citizen 82 in that window had fled the shop with it, and after 10:55 that citizen is alone in its own home (it lives alone in the bundle). The answers the authority gave were { 19: "ATTACK_HAPPENED/DIRECT_OBSERVATION", 25: "ATTACK_HAPPENED/DIRECT_OBSERVATION", 40: "ATTACK_HAPPENED/EXPERIENCED", 132: "ATTACK_HAPPENED/DIRECT_OBSERVATION", 167: "ATTACK_HAPPENED/DIRECT_OBSERVATION", 169: "ATTACK_HAPPENED/DIRECT_OBSERVATION", 221: "ATTACK_HAPPENED/DIRECT_OBSERVATION", 287: "ATTACK_HAPPENED/DIRECT_OBSERVATION", 297: "ATTACK_HAPPENED/DIRECT_OBSERVATION", 277: "ATTACK_HAPPENED/DIRECT_OBSERVATION" } (and the citizens it refused to let talk: { 143: "not_co_present:outdoors", 222: "not_co_present:outdoors", 277: "not_co_present:outdoors" }). Reported, not claimed.
INFO  co_present_answers  every citizen the authority reported co-present with the player and the answer kind/epistemic it gave: { 19: "ATTACK_HAPPENED/DIRECT_OBSERVATION", 25: "ATTACK_HAPPENED/DIRECT_OBSERVATION", 40: "ATTACK_HAPPENED/EXPERIENCED", 132: "ATTACK_HAPPENED/DIRECT_OBSERVATION", 167: "ATTACK_HAPPENED/DIRECT_OBSERVATION", 169: "ATTACK_HAPPENED/DIRECT_OBSERVATION", 221: "ATTACK_HAPPENED/DIRECT_OBSERVATION", 287: "ATTACK_HAPPENED/DIRECT_OBSERVATION", 297: "ATTACK_HAPPENED/DIRECT_OBSERVATION", 277: "ATTACK_HAPPENED/DIRECT_OBSERVATION" }; and the ones the authority refused to let talk, with its reason: { 143: "not_co_present:outdoors", 222: "not_co_present:outdoors", 277: "not_co_present:outdoors" } (asked over 360 game minutes, ending at 16:49)
PASS  far_npc_is_not_co_present  TALK ASK_FACT to citizen 0, 4307 m away from the player's citizen 82, was refused by the authority: ok=false reason="not_co_present:one_inside" (no conversation started, no line invented). Probes tried: ["0@4307m:not_co_present:one_inside"]
PASS  npc_call_conversation_is_sequenced  conversation conv:40 on channel "call": citizen 297.0 called citizen 57.0 about { "kind": "THREAT_PERSON", "event_ref": "297:6", "building_id": 15873.0, "room_id": 1.0 } and the authority played 6 acts, alternating=true, non-decreasing act times=true: ["57.0: Hello.", "297.0: Careful — I saw citizen 8 is dangerous, room 1 of building 15873, just now.", "57.0: Where was that?", "297.0: I saw that was in room 1 of building 15873.", "57.0: Thank you.", "297.0: Goodbye."]
PASS  conversation_interrupted_or_single_act_warning  no CONVERSATION_INTERRUPTED was drained, but 139 warning(s) were delivered as a SINGLE act with no exchange to sit through (the authority's own handling of an alarmed speaker): e.g. conv:23 between [40.0, 19.0], reason "shout", acts 1.0
PASS  answer_frames_match_the_epistemic_status  13 ANSWER acts came back to the player in this run; every one of them opens with the frame its own proposition's epistemic status prescribes ("I saw" / "It happened to me:" / "<who> told me" / "I heard" / "I think" / "I'm not sure, but I think" / "I don't know"). Mismatches: []

==== DIALOGUE GATE RESULTS (houston, player citizen 82, shop 15873) ====
PASS  protocol_v9  START_WORLD reply protocol_version=9, SimBridge speaks v9 (TALK / GET_DIALOGUE)
PASS  world_started_with_dialogue  the scene's own START_WORLD (bundle houston, start_hour 5.0, player_citizen_id 82) left the world at hour 5.00183657333333 with dialogue_enabled=true cognition=true work=true mobility=true. NOTE: `player_citizen` is not in this summary because SimBridge.last_summary has already been replaced by the scene's first ADVANCE_TIME reply, whose summary block does not carry it; that the authority speaks as citizen 82 is checked below on the first TALK reply (talk_speaks_as_the_player_citizen).
PASS  dialogue_snapshot_shape  GET_DIALOGUE v1.0: 9 keys, missing []; 0.0 conversations, 0 active, event_seq=0.0, counts={  }
PASS  npc_request_accepted  at 07:37 citizen 79 asked citizen 70 for help and was accepted (request req:1, task help_clean, object so:8470:28, building 8470, score 0.415, components { "helpfulness": 0.378, "familiarity": 0.075, "affinity": 0.052, "obligation": 0.0, "trust": 0.06, "fear_hostility": 0.0, "cost": -0.15 }). The authority's sequenced acts: ["79.0->70.0 REPORT_PROBLEM: I have a problem here.", "79.0->70.0 ASK_FOR_HELP: Could you help me with the cleaning?", "70.0->79.0 ACCEPT: All right, I\'ll do it.", "79.0->70.0 THANK: Thank you."]
PASS  helper_body_reached_the_accepted_object  request req:1 (task help_clean, object so:8470:28, building 8470): when the gate reached the staged interior the helper's (citizen 70) CitizenBody was 0.90 m from the authoritative object position (-1440.8, -367.7); it then closed 0.00 m to 0.90 m, walking 0.0 m; GET_WORK session object so:8470:28 / help_for -1.0; REQUEST_COMPLETED=true || request req:7 (task help_clean, object so:4874:672, building 4874): when the gate reached the staged interior the helper's (citizen 116) CitizenBody was 15.19 m from the authoritative object position (-1841.6, -2029.6); it then closed 14.29 m to 0.90 m, walking 14.6 m; GET_WORK session object so:4874:672 / help_for -1.0; REQUEST_COMPLETED=true
PASS  npc_request_refused_with_a_reason  2 refusals so far; the first: citizen 187.0 refused citizen 119.0 with the authority's structured reason "low_trust" (score 0.245 vs threshold 0.4, components { "helpfulness": 0.208, "familiarity": 0.075, "affinity": 0.052, "obligation": 0.0, "trust": 0.06, "fear_hostility": 0.0, "cost": -0.15 }, request req:3). The refusal LINE is the authority's: No — I don't know you well enough.
PASS  player_citizen_is_inside_a_shop  at 10:36 the authority reports the player's citizen 82 as a customer inside building 15873 (task browse, room 2.0); the customer census over all buildings right now is { "15873": 4, "9004": 1, "12051": 1, "4152": 1, "18816": 3, "8823": 1, "18871": 2, "3482": 2, "9186": 1, "12631": 1 }, and 4 of those customer sessions are in this one — the gate did not choose the building, the citizen's own itinerary did
PASS  panel_opens_on_a_co_present_npc  the gate drove the REAL UI path (IsometricWorld.talk_to_citizen(), the same call the T key makes on a resolved citizen target): TALK GREET to citizen 277 while the authority puts the player's citizen 82 in { "building_id": 15873.0, "room_id": 2.0, "zone": "stock_room", "x": -2186.02, "y": 1212.36, "inside": true, "band": <null> } -> ok=true, conv_id=conv:21, panel open=true showing 0 authority line(s), warmth 0.0, relationship <null>
PASS  talk_speaks_as_the_player_citizen  the authority's TALK reply reports player_citizen=82.0 — the session speaks as the citizen the scene passed to START_WORLD (82), which is the citizen whose position decides co-presence (the Godot avatar's own walking never moves it)
PASS  panel_shows_exactly_the_authority_lines  after option 1 (ASK_FACT, building 15873) the panel displays ["What happened at building 15873?", "I don\'t know."] and the authority's TALK reply carried ["What happened at building 15873?", "I don\'t know."] — identical=true. The panel adds only the speaker prefix and the epistemic tag it copies out of the act's own proposition.
PASS  answer_unknown_is_grounded_and_rendered  before anything has happened in shop 15873, citizen 277 answers the player's "What happened?" with "I don't know." (kind UNKNOWN, epistemic UNKNOWN) and the authority logs 1 ANSWER_UNKNOWN row(s) for the pair — the same grounded no-knowledge path the post-attack uninformed check looks for
PASS  saveload_keeps_dialogue_and_the_open_conversation  SAVE+LOAD around the open conversation conv:21: counts { "ANSWERED": 1.0, "ANSWER_UNKNOWN": 1.0, "CONVERSATION_ENDED": 10.0, "CONVERSATION_STARTED": 11.0, "QUESTION_ASKED": 11.0, "REQUEST_ACCEPTED": 4.0, "REQUEST_COMPLETED": 4.0, "REQUEST_MADE": 10.0, "REQUEST_REFUSED": 6.0, "SPEECH_ACT": 48.0, "THANKED": 8.0 } -> { "ANSWERED": 1.0, "ANSWER_UNKNOWN": 1.0, "CONVERSATION_ENDED": 10.0, "CONVERSATION_STARTED": 11.0, "QUESTION_ASKED": 11.0, "REQUEST_ACCEPTED": 4.0, "REQUEST_COMPLETED": 4.0, "REQUEST_MADE": 10.0, "REQUEST_REFUSED": 6.0, "SPEECH_ACT": 48.0, "THANKED": 8.0 }, event_seq 114.0 -> 114.0, active conversations ["conv:21"] -> ["conv:21"]; the next option (ASK_SAFETY) continued in conv_id conv:21 (same=true) and the NPC answered ["Is building 15873 safe?", "I don\'t know."]
INFO  saveload_load_reply_player_citizen  AUTHORITY OBSERVATION: the LOAD reply does not echo player_citizen (<null>) although the session keeps it — the very next TALK reply reports player_citizen=82.0 and the conversation continued
INFO  player_request_for_help  the player's ASK_FOR_HELP (kind cover_station, object so:15873:197) to citizen 277: ok=true, the authority's acts ["Could you cover my register? (so:15873:197)", "No — I can\'t right now."] — the player's citizen is a CUSTOMER here, so a refusal with a structured reason is the honest outcome, not a bug
PASS  end_conversation_closes_it  option 6 (END_CONVERSATION) -> state ended, the authority's closing lines ["Goodbye.", "Goodbye."]
PASS  threat_seeded_on_a_shop_customer  at 10:36 the authority reports customer sessions [8, 82, 169, 222, 277] inside shop 15873; SEED_OUTBREAK(classic_zombie_fast, 8) accepted=true
PASS  undead_attacks_inside_the_shop  at 10:48 the risen citizen 8 attacked inside shop 15873: the first PERCEIVED attacked_by is citizen 40.0 in room 1.0
PASS  witness_answers_first_hand  citizen 19, co-present with the player's citizen 82, answered "What happened?" with I saw citizen 8 attacked citizen 40 in room 1 of building 15873, just now. [DIRECT_OBSERVATION] — proposition kind ATTACK_HAPPENED, subject 8.0, building 15873.0, room 1.0, confidence 1.0, event_ref 19:17, hops 0.0. The line is the authority's.
PASS  panel_line_equals_the_authority_line  the witness's answer line is in the panel's authority rows (true) and in what the panel DISPLAYS (true) — byte-identical, no rewriting. Panel rows: ["What happened at building 15873?", "I saw citizen 8 attacked citizen 40 in room 1 of building 15873, just now."]
PASS  ask_location_is_grounded_in_the_same_event  option 2 (ASK_LOCATION, with NO event_ref sent — the authority resolves it from what this NPC last asserted to this player): I saw that was in room 1 of building 15873. [DIRECT_OBSERVATION], kind EVENT_LOCATION, building 15873.0, room 1.0, event_ref 19:17
INFO  witness_conversation_closed  END_CONVERSATION with the witness -> state ended, the authority's lines ["Goodbye.", "Goodbye."]
INFO  uninformed_npc_answers_unknown  NOT REACHED: no co-present citizen answered ASK_FACT about shop 15873 with UNKNOWN in the 360 game minutes after the attack. Everyone the authority ever put next to the player's citizen 82 in that window had fled the shop with it, and after 10:55 that citizen is alone in its own home (it lives alone in the bundle). The answers the authority gave were { 19: "ATTACK_HAPPENED/DIRECT_OBSERVATION", 25: "ATTACK_HAPPENED/DIRECT_OBSERVATION", 40: "ATTACK_HAPPENED/EXPERIENCED", 132: "ATTACK_HAPPENED/DIRECT_OBSERVATION", 167: "ATTACK_HAPPENED/DIRECT_OBSERVATION", 169: "ATTACK_HAPPENED/DIRECT_OBSERVATION", 221: "ATTACK_HAPPENED/DIRECT_OBSERVATION", 287: "ATTACK_HAPPENED/DIRECT_OBSERVATION", 297: "ATTACK_HAPPENED/DIRECT_OBSERVATION", 277: "ATTACK_HAPPENED/DIRECT_OBSERVATION" } (and the citizens it refused to let talk: { 143: "not_co_present:outdoors", 222: "not_co_present:outdoors", 277: "not_co_present:outdoors" }). Reported, not claimed.
INFO  co_present_answers  every citizen the authority reported co-present with the player and the answer kind/epistemic it gave: { 19: "ATTACK_HAPPENED/DIRECT_OBSERVATION", 25: "ATTACK_HAPPENED/DIRECT_OBSERVATION", 40: "ATTACK_HAPPENED/EXPERIENCED", 132: "ATTACK_HAPPENED/DIRECT_OBSERVATION", 167: "ATTACK_HAPPENED/DIRECT_OBSERVATION", 169: "ATTACK_HAPPENED/DIRECT_OBSERVATION", 221: "ATTACK_HAPPENED/DIRECT_OBSERVATION", 287: "ATTACK_HAPPENED/DIRECT_OBSERVATION", 297: "ATTACK_HAPPENED/DIRECT_OBSERVATION", 277: "ATTACK_HAPPENED/DIRECT_OBSERVATION" }; and the ones the authority refused to let talk, with its reason: { 143: "not_co_present:outdoors", 222: "not_co_present:outdoors", 277: "not_co_present:outdoors" } (asked over 360 game minutes, ending at 16:49)
PASS  far_npc_is_not_co_present  TALK ASK_FACT to citizen 0, 4307 m away from the player's citizen 82, was refused by the authority: ok=false reason="not_co_present:one_inside" (no conversation started, no line invented). Probes tried: ["0@4307m:not_co_present:one_inside"]
PASS  npc_call_conversation_is_sequenced  conversation conv:40 on channel "call": citizen 297.0 called citizen 57.0 about { "kind": "THREAT_PERSON", "event_ref": "297:6", "building_id": 15873.0, "room_id": 1.0 } and the authority played 6 acts, alternating=true, non-decreasing act times=true: ["57.0: Hello.", "297.0: Careful — I saw citizen 8 is dangerous, room 1 of building 15873, just now.", "57.0: Where was that?", "297.0: I saw that was in room 1 of building 15873.", "57.0: Thank you.", "297.0: Goodbye."]
PASS  conversation_interrupted_or_single_act_warning  no CONVERSATION_INTERRUPTED was drained, but 139 warning(s) were delivered as a SINGLE act with no exchange to sit through (the authority's own handling of an alarmed speaker): e.g. conv:23 between [40.0, 19.0], reason "shout", acts 1.0
PASS  answer_frames_match_the_epistemic_status  13 ANSWER acts came back to the player in this run; every one of them opens with the frame its own proposition's epistemic status prescribes ("I saw" / "It happened to me:" / "<who> told me" / "I heard" / "I think" / "I'm not sure, but I think" / "I don't know"). Mismatches: []
==== PASS (0 failure(s)) ====
TRACE saved: /home/user/Asphodel/artifacts/npc_dialogue_v1/godot_probe_trace.json (1058 rows, 1743 dialogue events, 61 talks)
GATE_EXIT=0 TRACE=artifacts/npc_dialogue_v1/godot_probe_trace.json
